// Jest Snapshot v1, https://goo.gl/fbAQLP

exports[`normalizeFillArgs should normalize args for V1 event 1`] = `
Object {
  "assets": Array [
    Object {
      "actor": 0,
      "amount": 1292498732163907300,
      "tokenAddress": "0xc02aaa39b223fe8d0a0e5c4f27ead9083c756cc2",
      "tokenResolved": false,
      "tokenType": 0,
    },
    Object {
      "actor": 1,
      "amount": 4.2620995342647e+23,
      "tokenAddress": "0x58a4884182d9e835597f405e5f258290e46ae7c2",
      "tokenResolved": false,
      "tokenType": 0,
    },
  ],
  "feeRecipient": "0xe269e891a2ec8585a378882ffa531141205e92e9",
  "filledMakerTokenAmount": 1292498732163907300,
  "filledTakerTokenAmount": 4.2620995342647e+23,
  "maker": "0x0e7c68992fe035f4ed9607866483cf6ae7db6b71",
  "makerToken": "0xc02aaa39b223fe8d0a0e5c4f27ead9083c756cc2",
  "orderHash": "0x9af44f4536831684cacda6dbba6af9974f0b9e8b2fc271f4fa8ff18c6fd51e12",
  "paidMakerFee": 0,
  "paidTakerFee": 0,
  "taker": "0xe269e891a2ec8585a378882ffa531141205e92e9",
  "takerToken": "0x58a4884182d9e835597f405e5f258290e46ae7c2",
}
`;

exports[`normalizeFillArgs should normalize args for V2 event with recognized assets 1`] = `
Object {
  "assets": Array [
    Object {
      "actor": 0,
      "amount": 1,
      "tokenAddress": "0x06012c8cf97bead5deae237070f9587f8e7a266d",
      "tokenId": 862718,
      "tokenResolved": false,
      "tokenType": 1,
    },
    Object {
      "actor": 1,
      "amount": 100000000000000,
      "tokenAddress": "0xe41d2489571d322189246dafa5ebde1f4699f498",
      "tokenId": undefined,
      "tokenResolved": false,
      "tokenType": 0,
    },
  ],
  "feeRecipient": "0x0000000000000000000000000000000000000000",
  "filledMakerTokenAmount": 1,
  "filledTakerTokenAmount": 100000000000000,
  "maker": "0x5b50fb8281cb679a3102d3de22dd05a1ad895e8f",
  "makerAsset": Object {
    "assetProxyId": "0x02571792",
    "tokenAddress": "0x06012c8cf97bead5deae237070f9587f8e7a266d",
    "tokenId": 862718,
  },
  "makerToken": "0x06012c8cf97bead5deae237070f9587f8e7a266d",
  "orderHash": "0xb0d28d8c36f40322408b3ff4ac41d2bf6ac6c834633763d3b42831d50e30b455",
  "paidMakerFee": 0,
  "paidTakerFee": 0,
  "senderAddress": "0xf3f694cbe3a1042a886ce923fab00ca649e6a89b",
  "taker": "0xf3f694cbe3a1042a886ce923fab00ca649e6a89b",
  "takerAsset": Object {
    "assetProxyId": "0xf47261b0",
    "tokenAddress": "0xe41d2489571d322189246dafa5ebde1f4699f498",
  },
  "takerToken": "0xe41d2489571d322189246dafa5ebde1f4699f498",
}
`;
