// Jest Snapshot v1, https://goo.gl/fbAQLP

exports[`ethplorer.getTokenInfo should fetch info for recognised token 1`] = `
Object {
  "address": "0xc02aaa39b223fe8d0a0e5c4f27ead9083c756cc2",
  "decimals": 18,
  "name": "Wrapped Ether",
  "symbol": "WETH",
}
`;
